
== rmsnorm_test ==
RMSNorm output shape=[3, 7]
  [ -0.74998,  -0.62499,  -0.37499,   0.00000,   0.49999,   0.49999,   0.93748]
  [ -0.75000,  -0.62500,  -0.37500,   0.00000,   0.50000,   0.50000,   0.93750]
  [ -0.75000,  -0.62500,  -0.37500,   0.00000,   0.50000,   0.50000,   0.93750]
RMSNorm output shape=[2, 513]
  [ -0.74907,  -0.62423,  -0.37454,   0.00000,   0.49938,   0.49938,   0.93634,  -1.12361,  -0.87392,  -0.49938,   0.00000,   0.31211, ...,   0.74907,  -0.93634,  -0.74907]
  [ -0.74908,  -0.62424,  -0.37454,   0.00000,   0.49939,   0.49939,   0.93636,  -1.12363,  -0.87393,  -0.49939,   0.00000,   0.31212, ...,   0.74908,  -0.93636,  -0.74908]
RMSNorm output shape=[2, 4096]
  [ -0.74987,  -0.62489,  -0.37494,   0.00000,   0.49991,   0.49991,   0.93734,  -1.12481,  -0.87485,  -0.49991,   0.00000,   0.31245, ...,   0.87485,   1.49974,  -0.74987]
  [ -0.74988,  -0.62490,  -0.37494,   0.00000,   0.49992,   0.49992,   0.93735,  -1.12482,  -0.87486,  -0.49992,   0.00000,   0.31245, ...,   0.87486,   1.49976,  -0.74988]
RMSNorm output shape=[512, 4096]
  [ -0.75000,  -0.62500,  -0.37500,   0.00000,   0.50000,   0.50000,   0.93750,  -1.12500,  -0.87500,  -0.50000,   0.00000,   0.31250, ...,   0.87500,   1.50000,  -0.75000]
  [ -0.75000,  -0.62500,  -0.37500,   0.00000,   0.50000,   0.50000,   0.93750,  -1.12500,  -0.87500,  -0.50000,   0.00000,   0.31250, ...,   0.87500,   1.50000,  -0.75000]
  [ -0.75000,  -0.62500,  -0.37500,   0.00000,   0.50000,   0.50000,   0.93750,  -1.12500,  -0.87500,  -0.50000,   0.00000,   0.31250, ...,   0.87500,   1.50000,  -0.75000]
  [ -0.75000,  -0.62500,  -0.37500,   0.00000,   0.50000,   0.50000,   0.93750,  -1.12500,  -0.87500,  -0.50000,   0.00000,   0.31250, ...,   0.87500,   1.50000,  -0.75000]
  [ -0.75000,  -0.62500,  -0.37500,   0.00000,   0.50000,   0.50000,   0.93750,  -1.12500,  -0.87500,  -0.50000,   0.00000,   0.31250, ...,   0.87500,   1.50000,  -0.75000]
  [ -0.75000,  -0.62500,  -0.37500,   0.00000,   0.50000,   0.50000,   0.93750,  -1.12500,  -0.87500,  -0.50000,   0.00000,   0.31250, ...,   0.87500,   1.50000,  -0.75000]
  [ -0.75000,  -0.62500,  -0.37500,   0.00000,   0.50000,   0.50000,   0.93750,  -1.12500,  -0.87500,  -0.50000,   0.00000,   0.31250, ...,   0.87500,   1.50000,  -0.75000]
  [ -0.75000,  -0.62500,  -0.37500,   0.00000,   0.50000,   0.50000,   0.93750,  -1.12500,  -0.87500,  -0.50000,   0.00000,   0.31250, ...,   0.87500,   1.50000,  -0.75000]
  ... (504 more row(s))
RMSNorm output shape=[3, 513]
  [ -0.74902,  -0.62402,  -0.37451,   0.00000,   0.49927,   0.49927,   0.93652,  -1.12402,  -0.87402,  -0.49927,   0.00000,   0.31201, ...,   0.74902,  -0.93652,  -0.74902]
  [ -0.74902,  -0.62402,  -0.37451,   0.00000,   0.49927,   0.49927,   0.93652,  -1.12402,  -0.87402,  -0.49927,   0.00000,   0.31201, ...,   0.74902,  -0.93652,  -0.74902]
  [ -0.74902,  -0.62402,  -0.37451,   0.00000,   0.49951,   0.49951,   0.93652,  -1.12402,  -0.87402,  -0.49951,   0.00000,   0.31201, ...,   0.74902,  -0.93652,  -0.74902]
RMSNorm output shape=[3, 513]
  [ -0.75000,  -0.62500,  -0.37500,   0.00000,   0.50000,   0.50000,   0.93750,  -1.12500,  -0.87500,  -0.50000,   0.00000,   0.31250, ...,   0.75000,  -0.93750,  -0.75000]
  [ -0.75000,  -0.62500,  -0.37500,   0.00000,   0.50000,   0.50000,   0.93750,  -1.12500,  -0.87500,  -0.50000,   0.00000,   0.31250, ...,   0.75000,  -0.93750,  -0.75000]
  [ -0.75000,  -0.62500,  -0.37500,   0.00000,   0.50000,   0.50000,   0.93750,  -1.12500,  -0.87500,  -0.50000,   0.00000,   0.31250, ...,   0.75000,  -0.93750,  -0.75000]
RMSNorm output shape=[2, 4096]
  [ -0.75000,  -0.62500,  -0.37500,   0.00000,   0.50000,   0.50000,   0.93750,  -1.12500,  -0.87500,  -0.50000,   0.00000,   0.31250, ...,   0.87500,   1.50000,  -0.75000]
  [ -0.75000,  -0.62500,  -0.37500,   0.00000,   0.50000,   0.50000,   0.93750,  -1.12500,  -0.87500,  -0.50000,   0.00000,   0.31250, ...,   0.87500,   1.50000,  -0.75000]
RMSNorm tests passed.

== linear_test ==
Linear tests passed.

== linear_backward_test ==
Linear backward tests passed.

== swiglu_test ==
SwiGLU tests passed.

== rope_test ==
RoPE tests passed.

== tensor_test ==
Tensor tests passed.

== device_buffer_test ==
DeviceBuffer tests passed.

== dtype_test ==

== flash_attention_test ==
Flash attention tests passed.

== embedding_test ==
Embedding tests passed.

== cross_entropy_test ==
Cross entropy tests passed.

== cuda_graph_test ==
CUDA graph tests passed.

== cuda_benchmark_test ==
CUDA benchmark tests passed.

== kv_cache_test ==
KV cache tests passed.

== transformer_block_test ==
Transformer block tests passed.

== transformer_model_test ==
Transformer model tests passed.

== adamw_test ==
AdamW tests passed.

========== Test benchmark summary ==========
Test                          Status    Duration (s)
rmsnorm_test                  PASS      1.576
linear_test                   PASS      11.564
linear_backward_test          PASS      0.505
swiglu_test                   PASS      0.940
rope_test                     PASS      1.050
tensor_test                   PASS      0.181
device_buffer_test            PASS      0.158
dtype_test                    PASS      0.156
flash_attention_test          PASS      8.530
embedding_test                PASS      0.778
cross_entropy_test            PASS      3.394
cuda_graph_test               PASS      0.173
cuda_benchmark_test           PASS      0.241
kv_cache_test                 PASS      0.161
transformer_block_test        PASS      3.051
transformer_model_test        PASS      0.434
adamw_test                    PASS      0.181
Total duration: 33.073 s

========== Kernel benchmark summary ==========
Kernel / benchmark                                                           | Average time (ms)
RMSNorm kernel                                                               | 0.049857
RMSNorm BF16 kernel                                                          | 0.050656
RMSNorm backward kernel                                                      | 0.133456
RMSNorm BF16 backward kernel                                                 | 0.131195
CUPTI: fill_kernel                                                           | 0.001280
CUPTI: rmsnorm_fp16_4096_kernel                                              | 0.047828
CUPTI: rmsnorm_scalar_cached_kernel                                          | 0.001760
CUPTI: rmsnorm_scalar_cached_kernel                                          | 0.002144
CUPTI: rmsnorm_scalar_cached_kernel                                          | 0.001968
CUPTI: rmsnorm_scalar_cached_kernel                                          | 0.001760
CUPTI: rmsnorm_bfloat162_cached_kernel                                       | 0.048657
CUPTI: rmsnorm_vectorized_cached_kernel                                      | 0.001568
CUPTI: rmsnorm_vectorized_cached_kernel                                      | 0.002400
CUPTI: rmsnorm_grad_weight_kernel                                            | 0.053932
CUPTI: rmsnorm_grad_weight_kernel                                            | 0.056295
CUPTI: rmsnorm_grad_weight_kernel                                            | 0.001600
CUPTI: rmsnorm_grad_input_cached_kernel                                      | 0.004992
CUPTI: rmsnorm_grad_input_cached_kernel                                      | 0.001856
CUPTI: bit_4096_kernel                                                       | 0.072801
CUPTI: bit_4096_kernel                                                       | 0.072195
Linear kernel                                                                | 1.060474
CUPTI: gemmSN_TN_kernel                                                      | 0.002368
CUPTI: gemmSN_TN_kernel                                                      | 0.001531
CUPTI: gemmSN_TN_kernel                                                      | 0.001574
CUPTI: _ZN7cutlass7Kernel2I65cutlass_75_wmma_tensorop_f16_s161616gemm_f16... | 0.002176
CUPTI: _ZN7cutlass7Kernel2I67cutlass_75_wmma_tensorop_bf16_s161616gemm_bf... | 0.002208
CUPTI: splitKreduce_kernel                                                   | 0.001174
CUPTI: add_bias_kernel                                                       | 0.001088
CUPTI: add_bias_kernel                                                       | 0.001120
CUPTI: add_bias_kernel                                                       | 0.001013
CUPTI: fill_kernel                                                           | 0.000779
CUPTI: ampere_fp16_s1688gemm_fp16_128x128_ldg8_f2f_stages_32x1_tn            | 1.057540
CUPTI: ampere_sgemm_32x32_sliced1x4_tn                                       | 0.002922
CUPTI: gemmSN_NN_kernel                                                      | 0.001904
CUPTI: _ZN7cutlass7Kernel2I62cutlass_75_wmma_tensorop_s161616gemm_f16_16x... | 0.004416
CUPTI: _ZN7cutlass7Kernel2I62cutlass_75_wmma_tensorop_s161616gemm_f16_16x... | 0.003744
CUPTI: splitKreduce_kernel                                                   | 0.001200
CUPTI: splitKreduce_kernel                                                   | 0.001392
CUPTI: reduce_bias_kernel                                                    | 0.001184
CUPTI: reduce_bias_kernel                                                    | 0.001184
CUPTI: ampere_sgemm_32x32_sliced1x4_nt                                       | 0.003152
SwiGLU kernel                                                                | 0.073180
CUPTI: swiglu_fused_half2_kernel                                             | 0.071328
CUPTI: swiglu_fused_scalar_kernel                                            | 0.001344
CUPTI: swiglu_fused_scalar_kernel                                            | 0.001344
CUPTI: swiglu_fused_scalar_kernel                                            | 0.001472
CUPTI: swiglu_separate_half2_kernel                                          | 0.001504
CUPTI: swiglu_fused_bfloat162_kernel                                         | 0.001504
CUPTI: swiglu_separate_scalar_kernel                                         | 0.001344
CUPTI: swiglu_separate_scalar_kernel                                         | 0.001344
CUPTI: swiglu_separate_scalar_kernel                                         | 0.001824
CUPTI: swiglu_separate_bfloat162_kernel                                      | 0.001536
RoPE kernel                                                                  | 0.063931
RoPE backward kernel                                                         | 0.064676
RoPE BF16 kernel                                                             | 0.066457
RoPE BF16 backward kernel                                                    | 0.063947
CUPTI: rope_qk_kernel                                                        | 0.063138
CUPTI: rope_qk_kernel                                                        | 0.001792
CUPTI: rope_qk_kernel                                                        | 0.001743
CUPTI: rope_qk_f16_32_8_128_kernel                                           | 0.061999
CUPTI: rope_backward_kernel                                                  | 0.061891
CUPTI: rope_backward_kernel                                                  | 0.001696
CUPTI: rope_backward_kernel                                                  | 0.001472
CUPTI: rope_backward_f16_32_8_128_kernel                                     | 0.062846
CUPTI: eye_kernel                                                            | 0.001120
CUPTI: fill_kernel                                                           | 0.001232
Flash attention kernel                                                       | 2.768727
Flash attention LSE forward kernel                                           | 2.874568
Flash attention backward kernel                                              | 54.981312
Flash attention LSE backward kernel                                          | 41.071400
CUPTI: flash_gqa_f16_tensor_core_kernel                                      | 0.013664
CUPTI: flash_gqa_f16_tensor_core_kernel                                      | 0.007488
CUPTI: flash_gqa_f16_tensor_core_kernel                                      | 0.012752
CUPTI: flash_gqa_grouped_f16_tensor_core_kernel                              | 2.824160
CUPTI: attention_backward_kernel                                             | 52.816700
CUPTI: attention_backward_kernel                                             | 0.008864
CUPTI: attention_backward_kernel                                             | 0.045985
CUPTI: attention_backward_lse_kernel                                         | 39.459600
CUPTI: attention_backward_lse_kernel                                         | 0.007488
CUPTI: attention_backward_lse_kernel                                         | 0.039520
Embedding kernel                                                             | 0.050181
Embedding backward kernel                                                    | 0.076830
CUPTI: embedding_packed_kernel                                               | 0.001568
CUPTI: embedding_packed_kernel                                               | 0.048349
CUPTI: embedding_packed_kernel                                               | 0.001856
CUPTI: embedding_scalar_kernel                                               | 0.001600
CUPTI: embedding_scalar_kernel                                               | 0.001504
CUPTI: embedding_scalar_kernel                                               | 0.001680
CUPTI: embedding_backward_packed_kernel                                      | 0.001696
CUPTI: embedding_backward_packed_kernel                                      | 0.074947
Cross entropy kernel                                                         | 3.057106
CUPTI: cross_entropy_fused_kernel                                            | 3.049890
cudaMemsetAsync                                                              | 0.007871
Transformer block                                                            | 0.258520
CUPTI: _ZN7cutlass7Kernel2I61cutlass_75_wmma_tensorop_s161616gemm_f16_32x... | 0.002156
CUPTI: _ZN7cutlass7Kernel2I64cutlass_80_tensorop_f16_s16816gemm_relu_f16_... | 0.002656
CUPTI: _ZN7cutlass7Kernel2I65cutlass_80_wmma_tensorop_f16_s161616gemm_f16... | 0.002564
CUPTI: _ZN7cutlass7Kernel2I65cutlass_80_wmma_tensorop_f16_s161616gemm_f16... | 0.002337
CUPTI: _ZN7cutlass7Kernel2I66cutlass_80_wmma_tensorop_f16_s161616gemm_f16... | 0.002605
CUPTI: _ZN7cutlass7Kernel2I66cutlass_80_wmma_tensorop_f16_s161616gemm_f16... | 0.002039
CUPTI: _ZN7cutlass7Kernel2I66cutlass_80_wmma_tensorop_f16_s161616gemm_f16... | 0.002696
CUPTI: splitKreduce_kernel                                                   | 0.001174
CUPTI: splitKreduce_kernel                                                   | 0.001158
CUPTI: rope_qk_kernel                                                        | 0.001605
CUPTI: swiglu_separate_half2_kernel                                          | 0.001400
CUPTI: rmsnorm_half2_cached_kernel                                           | 0.001443
CUPTI: flash_gqa_f16_tensor_core_kernel                                      | 0.007432
CUPTI: flash_gqa_f16_tensor_core_kernel                                      | 0.014322
CUPTI: add_packed_kernel                                                     | 0.000998
CUPTI: ampere_fp16_sgemm_fp16_32x32_sliced1x4_tn                             | 0.003540
CUPTI: _ZN7cutlass7Kernel2I61cutlass_75_wmma_tensorop_s161616gemm_f16_32x... | 0.002554
CUPTI: _ZN7cutlass7Kernel2I64cutlass_80_tensorop_f16_s16816gemm_relu_f16_... | 0.003046
CUPTI: _ZN7cutlass7Kernel2I65cutlass_75_wmma_tensorop_f16_s161616gemm_f16... | 0.002560
CUPTI: _ZN7cutlass7Kernel2I65cutlass_80_wmma_tensorop_f16_s161616gemm_f16... | 0.002112
CUPTI: _ZN7cutlass7Kernel2I65cutlass_80_wmma_tensorop_f16_s161616gemm_f16... | 0.002088
CUPTI: _ZN7cutlass7Kernel2I65cutlass_80_wmma_tensorop_f16_s161616gemm_f16... | 0.001989
CUPTI: _ZN7cutlass7Kernel2I65cutlass_80_wmma_tensorop_f16_s161616gemm_f16... | 0.002082
CUPTI: _ZN7cutlass7Kernel2I66cutlass_80_wmma_tensorop_f16_s161616gemm_f16... | 0.002507
CUPTI: _ZN7cutlass7Kernel2I66cutlass_80_wmma_tensorop_f16_s161616gemm_f16... | 0.002554
CUPTI: _ZN7cutlass7Kernel2I66cutlass_80_wmma_tensorop_f16_s161616gemm_f16... | 0.002320
CUPTI: _ZN7cutlass7Kernel2I66cutlass_80_wmma_tensorop_f16_s161616gemm_f16... | 0.002285
CUPTI: splitKreduce_kernel                                                   | 0.001289
CUPTI: splitKreduce_kernel                                                   | 0.001290
CUPTI: rope_qk_kernel                                                        | 0.001888
CUPTI: swiglu_separate_half2_kernel                                          | 0.001184
CUPTI: rmsnorm_half2_cached_kernel                                           | 0.001551
CUPTI: flash_gqa_f16_tensor_core_kernel                                      | 0.008832
CUPTI: embedding_packed_kernel                                               | 0.001728
CUPTI: rope_backward_kernel                                                  | 0.001952
CUPTI: swiglu_separate_half2_backward_kernel                                 | 0.001248
CUPTI: reduce_bias_kernel                                                    | 0.001440
CUPTI: rmsnorm_grad_weight_kernel                                            | 0.001363
CUPTI: rmsnorm_grad_input_cached_kernel                                      | 0.001760
CUPTI: add_packed_kernel                                                     | 0.001096
CUPTI: add_inplace_packed_kernel                                             | 0.001056
CUPTI: embedding_backward_packed_kernel                                      | 0.001376
CUPTI: attention_backward_lse_kernel                                         | 0.004160
CUPTI: ampere_fp16_sgemm_fp16_32x32_sliced1x4_tn                             | 0.003706
CUPTI: adamw_kernel                                                          | 0.002144
CUPTI: adamw_kernel                                                          | 0.002165
CUPTI: adamw_kernel                                                          | 0.002197
CUPTI: adamw_batch_kernel                                                    | 0.003391
CUPTI: gradient_statistics_kernel                                            | 0.002120
CUPTI: gradient_statistics_kernel                                            | 0.002136
CUPTI: gradient_statistics_kernel                                            | 0.002240
Mean of kernel averages: 1.429403 ms
